{
  "version": "1.5.0",
  "plugins_used": [
    {
      "name": "ArtifactoryDetector"
    },
    {
      "name": "AWSKeyDetector"
    },
    {
      "name": "AzureStorageKeyDetector"
    },
    {
      "name": "Base64HighEntropyString",
      "limit": 4.0
    },
    {
      "name": "BasicAuthDetector"
    },
    {
      "name": "CloudantDetector"
    },
    {
      "name": "DiscordBotTokenDetector"
    },
    {
      "name": "GitHubTokenDetector"
    },
    {
      "name": "GitLabTokenDetector"
    },
    {
      "name": "HexHighEntropyString",
      "limit": 3.0
    },
    {
      "name": "IbmCloudIamDetector"
    },
    {
      "name": "IbmCosHmacDetector"
    },
    {
      "name": "IPPublicDetector"
    },
    {
      "name": "JwtTokenDetector"
    },
    {
      "name": "KeywordDetector",
      "keyword_exclude": ""
    },
    {
      "name": "MailchimpDetector"
    },
    {
      "name": "NpmDetector"
    },
    {
      "name": "OpenAIDetector"
    },
    {
      "name": "PrivateKeyDetector"
    },
    {
      "name": "PypiTokenDetector"
    },
    {
      "name": "SendGridDetector"
    },
    {
      "name": "SlackDetector"
    },
    {
      "name": "SoftlayerDetector"
    },
    {
      "name": "SquareOAuthDetector"
    },
    {
      "name": "StripeDetector"
    },
    {
      "name": "TelegramBotTokenDetector"
    },
    {
      "name": "TwilioKeyDetector"
    }
  ],
  "filters_used": [
    {
      "path": "detect_secrets.filters.allowlist.is_line_allowlisted"
    },
    {
      "path": "detect_secrets.filters.common.is_baseline_file",
      "filename": ".secrets.baseline"
    },
    {
      "path": "detect_secrets.filters.common.is_ignored_due_to_verification_policies",
      "min_level": 2
    },
    {
      "path": "detect_secrets.filters.heuristic.is_indirect_reference"
    },
    {
      "path": "detect_secrets.filters.heuristic.is_likely_id_string"
    },
    {
      "path": "detect_secrets.filters.heuristic.is_lock_file"
    },
    {
      "path": "detect_secrets.filters.heuristic.is_not_alphanumeric_string"
    },
    {
      "path": "detect_secrets.filters.heuristic.is_potential_uuid"
    },
    {
      "path": "detect_secrets.filters.heuristic.is_prefixed_with_dollar_sign"
    },
    {
      "path": "detect_secrets.filters.heuristic.is_sequential_string"
    },
    {
      "path": "detect_secrets.filters.heuristic.is_swagger_file"
    },
    {
      "path": "detect_secrets.filters.heuristic.is_templated_secret"
    },
    {
      "path": "detect_secrets.filters.regex.should_exclude_file",
      "pattern": [
        "package-lock\\.json",
        "etl-pipeline/tests/fixtures/.*",
        "\\.secrets\\.baseline"
      ]
    }
  ],
  "results": {
    ".github/workflows/etl-pipeline-full-ci-cd.yaml": [
      {
        "type": "Secret Keyword",
        "filename": ".github/workflows/etl-pipeline-full-ci-cd.yaml",
        "hashed_secret": "3e26d6750975d678acb8fa35a0f69237881576b0",
        "is_verified": false,
        "line_number": 20
      }
    ],
    ".github/workflows/web-ci.yml": [
      {
        "type": "Secret Keyword",
        "filename": ".github/workflows/web-ci.yml",
        "hashed_secret": "3e26d6750975d678acb8fa35a0f69237881576b0",
        "is_verified": false,
        "line_number": 140
      }
    ],
    ".github/workflows/web-full-ci-cd.yml": [
      {
        "type": "Secret Keyword",
        "filename": ".github/workflows/web-full-ci-cd.yml",
        "hashed_secret": "3e26d6750975d678acb8fa35a0f69237881576b0",
        "is_verified": false,
        "line_number": 15
      }
    ],
    "etl-pipeline/api/assistant/legacy/search.py": [
      {
        "type": "Base64 High Entropy String",
        "filename": "etl-pipeline/api/assistant/legacy/search.py",
        "hashed_secret": "dc2c65f7ec1ee50901ce96875cb481097dc0a41c",
        "is_verified": false,
        "line_number": 23
      }
    ],
    "etl-pipeline/config/.env.local-compose": [
      {
        "type": "Secret Keyword",
        "filename": "etl-pipeline/config/.env.local-compose",
        "hashed_secret": "a94a8fe5ccb19ba61c4c0873d391e987982fbbd3",
        "is_verified": false,
        "line_number": 42
      }
    ],
    "etl-pipeline/config/.env.local.secrets": [
      {
        "type": "Secret Keyword",
        "filename": "etl-pipeline/config/.env.local.secrets",
        "hashed_secret": "198059c67e0804d971244b3681adbaa22eb3e890",
        "is_verified": false,
        "line_number": 8
      },
      {
        "type": "Secret Keyword",
        "filename": "etl-pipeline/config/.env.local.secrets",
        "hashed_secret": "c9169bfbe9a583ca74139cba0bb6db86201ae814",
        "is_verified": false,
        "line_number": 10
      },
      {
        "type": "Secret Keyword",
        "filename": "etl-pipeline/config/.env.local.secrets",
        "hashed_secret": "428e466d745837c1243f70f1f8992fc585517021",
        "is_verified": false,
        "line_number": 15
      },
      {
        "type": "Secret Keyword",
        "filename": "etl-pipeline/config/.env.local.secrets",
        "hashed_secret": "6b97f99f0a2d881747a23827926fa76d62a68648",
        "is_verified": false,
        "line_number": 17
      },
      {
        "type": "Secret Keyword",
        "filename": "etl-pipeline/config/.env.local.secrets",
        "hashed_secret": "396fb159b0888246284ba7a1c8ed2877db0eaf63",
        "is_verified": false,
        "line_number": 19
      },
      {
        "type": "Secret Keyword",
        "filename": "etl-pipeline/config/.env.local.secrets",
        "hashed_secret": "9c3fa5a3c2bbee8677f2b96cc121d1248dcd0e40",
        "is_verified": false,
        "line_number": 23
      },
      {
        "type": "Secret Keyword",
        "filename": "etl-pipeline/config/.env.local.secrets",
        "hashed_secret": "eeb9d5c254a9f49a43919fde80d15331ab058d8a",
        "is_verified": false,
        "line_number": 25
      },
      {
        "type": "Secret Keyword",
        "filename": "etl-pipeline/config/.env.local.secrets",
        "hashed_secret": "21327cbe27e304477bf6bc04472dc486db996b41",
        "is_verified": false,
        "line_number": 27
      }
    ],
    "etl-pipeline/config/.env.production.secrets": [
      {
        "type": "Secret Keyword",
        "filename": "etl-pipeline/config/.env.production.secrets",
        "hashed_secret": "c98c54b85d1d3c2d1cb02d19bdbcf26dda635d40",
        "is_verified": false,
        "line_number": 18
      },
      {
        "type": "Secret Keyword",
        "filename": "etl-pipeline/config/.env.production.secrets",
        "hashed_secret": "8e7d1954d3a6878cbe03ea49f71b9b2c0fee7889",
        "is_verified": false,
        "line_number": 22
      },
      {
        "type": "Secret Keyword",
        "filename": "etl-pipeline/config/.env.production.secrets",
        "hashed_secret": "c955cbbbbd23e6049f71dd536d08fc8b36f56801",
        "is_verified": false,
        "line_number": 23
      },
      {
        "type": "Secret Keyword",
        "filename": "etl-pipeline/config/.env.production.secrets",
        "hashed_secret": "44c84051bb301f1fe398f1156360e10e96ba3748",
        "is_verified": false,
        "line_number": 29
      },
      {
        "type": "Secret Keyword",
        "filename": "etl-pipeline/config/.env.production.secrets",
        "hashed_secret": "0d1831f504cdce1d22287a5d2f9d6ab5228e5cea",
        "is_verified": false,
        "line_number": 34
      },
      {
        "type": "Secret Keyword",
        "filename": "etl-pipeline/config/.env.production.secrets",
        "hashed_secret": "9d5735335857e007fcadcab9c2d86d9475349d5e",
        "is_verified": false,
        "line_number": 36
      },
      {
        "type": "Secret Keyword",
        "filename": "etl-pipeline/config/.env.production.secrets",
        "hashed_secret": "b18ced5fe307566ce461da60a1e3b69249637219",
        "is_verified": false,
        "line_number": 41
      },
      {
        "type": "Secret Keyword",
        "filename": "etl-pipeline/config/.env.production.secrets",
        "hashed_secret": "63bc08d67dc5557561bb72773a8d3fc90eea0791",
        "is_verified": false,
        "line_number": 43
      },
      {
        "type": "Secret Keyword",
        "filename": "etl-pipeline/config/.env.production.secrets",
        "hashed_secret": "eb98be885f7e0a39220e5eb3296143f075e49921",
        "is_verified": false,
        "line_number": 48
      },
      {
        "type": "Secret Keyword",
        "filename": "etl-pipeline/config/.env.production.secrets",
        "hashed_secret": "f4e3e5888ace8b1a242d1cd3cda52580b546f032",
        "is_verified": false,
        "line_number": 50
      },
      {
        "type": "Secret Keyword",
        "filename": "etl-pipeline/config/.env.production.secrets",
        "hashed_secret": "fad140787a6cf1a4c50500234d95ead45f35e5e5",
        "is_verified": false,
        "line_number": 52
      },
      {
        "type": "Secret Keyword",
        "filename": "etl-pipeline/config/.env.production.secrets",
        "hashed_secret": "c031b3b942b8052fe6941fef0e8aceb7b5bfbfd9",
        "is_verified": false,
        "line_number": 54
      }
    ],
    "etl-pipeline/config/.env.qa.secrets": [
      {
        "type": "Secret Keyword",
        "filename": "etl-pipeline/config/.env.qa.secrets",
        "hashed_secret": "396fb159b0888246284ba7a1c8ed2877db0eaf63",
        "is_verified": false,
        "line_number": 19
      },
      {
        "type": "Secret Keyword",
        "filename": "etl-pipeline/config/.env.qa.secrets",
        "hashed_secret": "cacc6b9f1b87451d8e49161f02bbdb69cf7934fe",
        "is_verified": false,
        "line_number": 21
      },
      {
        "type": "Secret Keyword",
        "filename": "etl-pipeline/config/.env.qa.secrets",
        "hashed_secret": "d1a677451908617347e96a064f59150b37484d7f",
        "is_verified": false,
        "line_number": 22
      },
      {
        "type": "Secret Keyword",
        "filename": "etl-pipeline/config/.env.qa.secrets",
        "hashed_secret": "9c3fa5a3c2bbee8677f2b96cc121d1248dcd0e40",
        "is_verified": false,
        "line_number": 26
      },
      {
        "type": "Secret Keyword",
        "filename": "etl-pipeline/config/.env.qa.secrets",
        "hashed_secret": "198059c67e0804d971244b3681adbaa22eb3e890",
        "is_verified": false,
        "line_number": 30
      },
      {
        "type": "Secret Keyword",
        "filename": "etl-pipeline/config/.env.qa.secrets",
        "hashed_secret": "c9169bfbe9a583ca74139cba0bb6db86201ae814",
        "is_verified": false,
        "line_number": 32
      },
      {
        "type": "Secret Keyword",
        "filename": "etl-pipeline/config/.env.qa.secrets",
        "hashed_secret": "7f25ad753ad0ac6d29ff8d5d40baeab1529be971",
        "is_verified": false,
        "line_number": 37
      },
      {
        "type": "Secret Keyword",
        "filename": "etl-pipeline/config/.env.qa.secrets",
        "hashed_secret": "e6458a3a58ec2595f6723dbbb1910271fef78cb8",
        "is_verified": false,
        "line_number": 39
      },
      {
        "type": "Secret Keyword",
        "filename": "etl-pipeline/config/.env.qa.secrets",
        "hashed_secret": "428e466d745837c1243f70f1f8992fc585517021",
        "is_verified": false,
        "line_number": 44
      },
      {
        "type": "Secret Keyword",
        "filename": "etl-pipeline/config/.env.qa.secrets",
        "hashed_secret": "6b97f99f0a2d881747a23827926fa76d62a68648",
        "is_verified": false,
        "line_number": 46
      },
      {
        "type": "Secret Keyword",
        "filename": "etl-pipeline/config/.env.qa.secrets",
        "hashed_secret": "eeb9d5c254a9f49a43919fde80d15331ab058d8a",
        "is_verified": false,
        "line_number": 48
      },
      {
        "type": "Secret Keyword",
        "filename": "etl-pipeline/config/.env.qa.secrets",
        "hashed_secret": "21327cbe27e304477bf6bc04472dc486db996b41",
        "is_verified": false,
        "line_number": 50
      }
    ],
    "etl-pipeline/constants/marc.json": [
      {
        "type": "Base64 High Entropy String",
        "filename": "etl-pipeline/constants/marc.json",
        "hashed_secret": "f075ad155eb01e2a535e3233220b5b671563ca37",
        "is_verified": false,
        "line_number": 248
      }
    ],
    "etl-pipeline/dev-scripts/ssm_parameter_copier.py": [
      {
        "type": "Base64 High Entropy String",
        "filename": "etl-pipeline/dev-scripts/ssm_parameter_copier.py",
        "hashed_secret": "87dcda720e7f4bb1382162cf8a787b83f6f62de1",
        "is_verified": false,
        "line_number": 295
      }
    ],
    "etl-pipeline/dev-scripts/test_chat_conversation_memory.py": [
      {
        "type": "Secret Keyword",
        "filename": "etl-pipeline/dev-scripts/test_chat_conversation_memory.py",
        "hashed_secret": "11fa7c37d697f30e6aee828b4426a10f83ab2380",
        "is_verified": false,
        "line_number": 15
      },
      {
        "type": "Secret Keyword",
        "filename": "etl-pipeline/dev-scripts/test_chat_conversation_memory.py",
        "hashed_secret": "45d676e7c6ab44cf4b8fa366ef2d8fccd3e6d6e6",
        "is_verified": false,
        "line_number": 17
      }
    ],
    "etl-pipeline/docker-compose.yml": [
      {
        "type": "Secret Keyword",
        "filename": "etl-pipeline/docker-compose.yml",
        "hashed_secret": "0b50e648938f7c8b8d29d354abd6d14b261f4407",
        "is_verified": false,
        "line_number": 22
      }
    ],
    "etl-pipeline/managers/oclc_auth.py": [
      {
        "type": "Base64 High Entropy String",
        "filename": "etl-pipeline/managers/oclc_auth.py",
        "hashed_secret": "e3d6849af2ec582d2e5ba2ee543ca6818d1b03ac",
        "is_verified": false,
        "line_number": 75
      }
    ],
    "etl-pipeline/migrations/versions/0cebb9a98a6f_add_record_id_to_item.py": [
      {
        "type": "Hex High Entropy String",
        "filename": "etl-pipeline/migrations/versions/0cebb9a98a6f_add_record_id_to_item.py",
        "hashed_secret": "50b232818883b0e7b5b4cf28af517f2286b39272",
        "is_verified": false,
        "line_number": 14
      }
    ],
    "etl-pipeline/migrations/versions/2f6b783fc4aa_add_owner_to_collections.py": [
      {
        "type": "Hex High Entropy String",
        "filename": "etl-pipeline/migrations/versions/2f6b783fc4aa_add_owner_to_collections.py",
        "hashed_secret": "4094b796f0f160b3bd3ec62e2318940031087fa2",
        "is_verified": false,
        "line_number": 14
      },
      {
        "type": "Hex High Entropy String",
        "filename": "etl-pipeline/migrations/versions/2f6b783fc4aa_add_owner_to_collections.py",
        "hashed_secret": "16244ae51df9aa7c77cf28d43b01267214c48707",
        "is_verified": false,
        "line_number": 15
      }
    ],
    "etl-pipeline/migrations/versions/54e57fb2e1c6_add_publisher_project_source_to_records_and_items.py.py": [
      {
        "type": "Hex High Entropy String",
        "filename": "etl-pipeline/migrations/versions/54e57fb2e1c6_add_publisher_project_source_to_records_and_items.py.py",
        "hashed_secret": "dbe12491b000b5eaa7048f3692d0974fa152178b",
        "is_verified": false,
        "line_number": 14
      },
      {
        "type": "Hex High Entropy String",
        "filename": "etl-pipeline/migrations/versions/54e57fb2e1c6_add_publisher_project_source_to_records_and_items.py.py",
        "hashed_secret": "065bc6a37f2eca3b002ae3c0afef5fd853bb087a",
        "is_verified": false,
        "line_number": 15
      }
    ],
    "etl-pipeline/migrations/versions/6c31ab8a023d_add_description_to_collections.py": [
      {
        "type": "Hex High Entropy String",
        "filename": "etl-pipeline/migrations/versions/6c31ab8a023d_add_description_to_collections.py",
        "hashed_secret": "16244ae51df9aa7c77cf28d43b01267214c48707",
        "is_verified": false,
        "line_number": 15
      },
      {
        "type": "Hex High Entropy String",
        "filename": "etl-pipeline/migrations/versions/6c31ab8a023d_add_description_to_collections.py",
        "hashed_secret": "6927a0921e0f266b11acda527bb57780b2bffd1f",
        "is_verified": false,
        "line_number": 16
      }
    ],
    "etl-pipeline/migrations/versions/975e451df332_add_user_table_for_basic_auth.py": [
      {
        "type": "Hex High Entropy String",
        "filename": "etl-pipeline/migrations/versions/975e451df332_add_user_table_for_basic_auth.py",
        "hashed_secret": "afc8789cd30dc7193d914c0b304ae0748f507d2b",
        "is_verified": false,
        "line_number": 16
      },
      {
        "type": "Hex High Entropy String",
        "filename": "etl-pipeline/migrations/versions/975e451df332_add_user_table_for_basic_auth.py",
        "hashed_secret": "4094b796f0f160b3bd3ec62e2318940031087fa2",
        "is_verified": false,
        "line_number": 17
      }
    ],
    "etl-pipeline/migrations/versions/9e33fa16ba82_add_gin_index_to_edition_measurements.py": [
      {
        "type": "Hex High Entropy String",
        "filename": "etl-pipeline/migrations/versions/9e33fa16ba82_add_gin_index_to_edition_measurements.py",
        "hashed_secret": "070219296339f0903da9b45b67523ef5a7a7b801",
        "is_verified": false,
        "line_number": 13
      },
      {
        "type": "Hex High Entropy String",
        "filename": "etl-pipeline/migrations/versions/9e33fa16ba82_add_gin_index_to_edition_measurements.py",
        "hashed_secret": "afc8789cd30dc7193d914c0b304ae0748f507d2b",
        "is_verified": false,
        "line_number": 14
      }
    ],
    "etl-pipeline/migrations/versions/cc966d5a6ca0_add_unique_constraint_to_work_.py": [
      {
        "type": "Hex High Entropy String",
        "filename": "etl-pipeline/migrations/versions/cc966d5a6ca0_add_unique_constraint_to_work_.py",
        "hashed_secret": "dbe12491b000b5eaa7048f3692d0974fa152178b",
        "is_verified": false,
        "line_number": 15
      }
    ],
    "etl-pipeline/migrations/versions/e46b30dd3ff5_automatic_collections.py": [
      {
        "type": "Hex High Entropy String",
        "filename": "etl-pipeline/migrations/versions/e46b30dd3ff5_automatic_collections.py",
        "hashed_secret": "065bc6a37f2eca3b002ae3c0afef5fd853bb087a",
        "is_verified": false,
        "line_number": 14
      },
      {
        "type": "Hex High Entropy String",
        "filename": "etl-pipeline/migrations/versions/e46b30dd3ff5_automatic_collections.py",
        "hashed_secret": "070219296339f0903da9b45b67523ef5a7a7b801",
        "is_verified": false,
        "line_number": 15
      }
    ],
    "etl-pipeline/migrations/versions/e96fd76130c3_add_grin_status_table.py": [
      {
        "type": "Hex High Entropy String",
        "filename": "etl-pipeline/migrations/versions/e96fd76130c3_add_grin_status_table.py",
        "hashed_secret": "a18f79f3627555249011d941350fd519e535c4ae",
        "is_verified": false,
        "line_number": 14
      },
      {
        "type": "Hex High Entropy String",
        "filename": "etl-pipeline/migrations/versions/e96fd76130c3_add_grin_status_table.py",
        "hashed_secret": "671d9653d91cd5aa72fa116e003042a72f67bc3b",
        "is_verified": false,
        "line_number": 15
      }
    ],
    "etl-pipeline/migrations/versions/eb6ce7780436_add_record_state.py": [
      {
        "type": "Hex High Entropy String",
        "filename": "etl-pipeline/migrations/versions/eb6ce7780436_add_record_state.py",
        "hashed_secret": "671d9653d91cd5aa72fa116e003042a72f67bc3b",
        "is_verified": false,
        "line_number": 15
      },
      {
        "type": "Hex High Entropy String",
        "filename": "etl-pipeline/migrations/versions/eb6ce7780436_add_record_state.py",
        "hashed_secret": "50b232818883b0e7b5b4cf28af517f2286b39272",
        "is_verified": false,
        "line_number": 16
      }
    ],
    "etl-pipeline/migrations/versions/f33cf7698658_add_10k_grin_table.py": [
      {
        "type": "Hex High Entropy String",
        "filename": "etl-pipeline/migrations/versions/f33cf7698658_add_10k_grin_table.py",
        "hashed_secret": "a18f79f3627555249011d941350fd519e535c4ae",
        "is_verified": false,
        "line_number": 15
      }
    ],
    "etl-pipeline/migrations/versions/fabf5e5c3109_add_collections_table.py": [
      {
        "type": "Hex High Entropy String",
        "filename": "etl-pipeline/migrations/versions/fabf5e5c3109_add_collections_table.py",
        "hashed_secret": "6927a0921e0f266b11acda527bb57780b2bffd1f",
        "is_verified": false,
        "line_number": 16
      }
    ],
    "etl-pipeline/tests/helper.py": [
      {
        "type": "Secret Keyword",
        "filename": "etl-pipeline/tests/helper.py",
        "hashed_secret": "cab3d5b750c207a5d5eb7d50bcc783c3314748b7",
        "is_verified": false,
        "line_number": 22
      },
      {
        "type": "Secret Keyword",
        "filename": "etl-pipeline/tests/helper.py",
        "hashed_secret": "56ae4ba042a77c67e228d1deefae6c206be84839",
        "is_verified": false,
        "line_number": 23
      },
      {
        "type": "Secret Keyword",
        "filename": "etl-pipeline/tests/helper.py",
        "hashed_secret": "d699c29d3c1c8004fc2ba86ad4d88cc643afdbd6",
        "is_verified": false,
        "line_number": 33
      },
      {
        "type": "Secret Keyword",
        "filename": "etl-pipeline/tests/helper.py",
        "hashed_secret": "132e352e03da76598ef3f6c0d57c62e9ca959e72",
        "is_verified": false,
        "line_number": 35
      }
    ],
    "etl-pipeline/tests/unit/api/assistant/agent/test_agent.py": [
      {
        "type": "Secret Keyword",
        "filename": "etl-pipeline/tests/unit/api/assistant/agent/test_agent.py",
        "hashed_secret": "e9b4dce312643ee0e1bd0561a50d9d5a7e5a2be1",
        "is_verified": false,
        "line_number": 26
      }
    ],
    "etl-pipeline/tests/unit/api/blueprints/test_create_api_collection_blueprint.py": [
      {
        "type": "Secret Keyword",
        "filename": "etl-pipeline/tests/unit/api/blueprints/test_create_api_collection_blueprint.py",
        "hashed_secret": "c6b13297952047773e3eeb957cbc137cb51cabaf",
        "is_verified": false,
        "line_number": 27
      }
    ],
    "etl-pipeline/tests/unit/api/blueprints/test_delete_api_collection_blueprint.py": [
      {
        "type": "Secret Keyword",
        "filename": "etl-pipeline/tests/unit/api/blueprints/test_delete_api_collection_blueprint.py",
        "hashed_secret": "c6b13297952047773e3eeb957cbc137cb51cabaf",
        "is_verified": false,
        "line_number": 25
      }
    ],
    "etl-pipeline/tests/unit/api/blueprints/test_read_api_collection_blueprint.py": [
      {
        "type": "Secret Keyword",
        "filename": "etl-pipeline/tests/unit/api/blueprints/test_read_api_collection_blueprint.py",
        "hashed_secret": "c6b13297952047773e3eeb957cbc137cb51cabaf",
        "is_verified": false,
        "line_number": 28
      }
    ],
    "etl-pipeline/tests/unit/api/blueprints/test_update_api_collection_blueprint.py": [
      {
        "type": "Secret Keyword",
        "filename": "etl-pipeline/tests/unit/api/blueprints/test_update_api_collection_blueprint.py",
        "hashed_secret": "c6b13297952047773e3eeb957cbc137cb51cabaf",
        "is_verified": false,
        "line_number": 25
      }
    ],
    "etl-pipeline/tests/unit/api/test_api_es.py": [
      {
        "type": "Hex High Entropy String",
        "filename": "etl-pipeline/tests/unit/api/test_api_es.py",
        "hashed_secret": "dc38bbc325196b3fd8af6a9dbc7fae21a4f63a84",
        "is_verified": false,
        "line_number": 567
      }
    ],
    "etl-pipeline/tests/unit/managers/test_db_manager.py": [
      {
        "type": "Basic Auth Credentials",
        "filename": "etl-pipeline/tests/unit/managers/test_db_manager.py",
        "hashed_secret": "9d516530dba7ae296eac0599b016c6038f230397",
        "is_verified": false,
        "line_number": 35
      }
    ],
    "etl-pipeline/tests/unit/managers/test_es_manager.py": [
      {
        "type": "Basic Auth Credentials",
        "filename": "etl-pipeline/tests/unit/managers/test_es_manager.py",
        "hashed_secret": "c6b13297952047773e3eeb957cbc137cb51cabaf",
        "is_verified": false,
        "line_number": 53
      }
    ],
    "etl-pipeline/tests/unit/managers/test_nypl_api_manager.py": [
      {
        "type": "Secret Keyword",
        "filename": "etl-pipeline/tests/unit/managers/test_nypl_api_manager.py",
        "hashed_secret": "d699c29d3c1c8004fc2ba86ad4d88cc643afdbd6",
        "is_verified": false,
        "line_number": 23
      }
    ],
    "etl-pipeline/tests/unit/managers/test_s3_manager.py": [
      {
        "type": "Hex High Entropy String",
        "filename": "etl-pipeline/tests/unit/managers/test_s3_manager.py",
        "hashed_secret": "bd4eb56b41fc3663dfe2761ff34621a544ecfe27",
        "is_verified": false,
        "line_number": 162
      }
    ],
    "etl-pipeline/tests/unit/managers/test_sqs.py": [
      {
        "type": "Secret Keyword",
        "filename": "etl-pipeline/tests/unit/managers/test_sqs.py",
        "hashed_secret": "fe1bae27cb7c1fb823f496f286e78f1d2ae87734",
        "is_verified": false,
        "line_number": 14
      }
    ],
    "etl-pipeline/vector_indexing/__init__.py": [
      {
        "type": "Base64 High Entropy String",
        "filename": "etl-pipeline/vector_indexing/__init__.py",
        "hashed_secret": "219dff558841137c1322730e5a48db50a73224a9",
        "is_verified": false,
        "line_number": 72
      }
    ],
    "etl-pipeline/vector_indexing/components/__init__.py": [
      {
        "type": "Base64 High Entropy String",
        "filename": "etl-pipeline/vector_indexing/components/__init__.py",
        "hashed_secret": "219dff558841137c1322730e5a48db50a73224a9",
        "is_verified": false,
        "line_number": 32
      }
    ],
    "etl-pipeline/vector_indexing/components/backends/__init__.py": [
      {
        "type": "Base64 High Entropy String",
        "filename": "etl-pipeline/vector_indexing/components/backends/__init__.py",
        "hashed_secret": "219dff558841137c1322730e5a48db50a73224a9",
        "is_verified": false,
        "line_number": 23
      }
    ],
    "etl-pipeline/vector_indexing/core/config.py": [
      {
        "type": "Base64 High Entropy String",
        "filename": "etl-pipeline/vector_indexing/core/config.py",
        "hashed_secret": "dc2c65f7ec1ee50901ce96875cb481097dc0a41c",
        "is_verified": false,
        "line_number": 65
      }
    ],
    "web/config/tsconfig.json": [
      {
        "type": "Base64 High Entropy String",
        "filename": "web/config/tsconfig.json",
        "hashed_secret": "783cd113c70d4b3474c63135665f205f16aa2922",
        "is_verified": false,
        "line_number": 41
      },
      {
        "type": "Base64 High Entropy String",
        "filename": "web/config/tsconfig.json",
        "hashed_secret": "e6ea29dc29e6340e63783170bc1b0365657b0637",
        "is_verified": false,
        "line_number": 50
      }
    ],
    "web/mocks/handlers.ts": [
      {
        "type": "Base64 High Entropy String",
        "filename": "web/mocks/handlers.ts",
        "hashed_secret": "6885bd6217d5751c21308d48e08eeba19a78b358",
        "is_verified": false,
        "line_number": 34
      }
    ],
    "web/public/mockServiceWorker.js": [
      {
        "type": "Hex High Entropy String",
        "filename": "web/public/mockServiceWorker.js",
        "hashed_secret": "5624b8fa354777b085cfcc69e6d247c59b12e76b",
        "is_verified": false,
        "line_number": 12
      }
    ],
    "web/public/newrelic-browser.js": [
      {
        "type": "Base64 High Entropy String",
        "filename": "web/public/newrelic-browser.js",
        "hashed_secret": "3dac219f3c5560aa16fa7606efb51776557bd473",
        "is_verified": false,
        "line_number": 10
      }
    ],
    "web/public/pdf-worker/pdf.min.mjs": [
      {
        "type": "Base64 High Entropy String",
        "filename": "web/public/pdf-worker/pdf.min.mjs",
        "hashed_secret": "c4b1e6347aa1c5561dce43005f28cb7e961660db",
        "is_verified": false,
        "line_number": 21
      }
    ],
    "web/public/pdf-worker/pdf.mjs": [
      {
        "type": "Base64 High Entropy String",
        "filename": "web/public/pdf-worker/pdf.mjs",
        "hashed_secret": "c4b1e6347aa1c5561dce43005f28cb7e961660db",
        "is_verified": false,
        "line_number": 466
      },
      {
        "type": "Base64 High Entropy String",
        "filename": "web/public/pdf-worker/pdf.mjs",
        "hashed_secret": "958b123b48351f9d3339a072b21aa30c6f958b4d",
        "is_verified": false,
        "line_number": 1254
      },
      {
        "type": "Base64 High Entropy String",
        "filename": "web/public/pdf-worker/pdf.mjs",
        "hashed_secret": "942b37057d246a96499a36005a678bb376bb708f",
        "is_verified": false,
        "line_number": 5054
      },
      {
        "type": "Base64 High Entropy String",
        "filename": "web/public/pdf-worker/pdf.mjs",
        "hashed_secret": "64d0cfd48655bfd65fbc5ae40094122826e673c8",
        "is_verified": false,
        "line_number": 5086
      },
      {
        "type": "Base64 High Entropy String",
        "filename": "web/public/pdf-worker/pdf.mjs",
        "hashed_secret": "9a5c3396ec4f4aab95b9c5d2c6db60efb93c4188",
        "is_verified": false,
        "line_number": 5086
      },
      {
        "type": "Base64 High Entropy String",
        "filename": "web/public/pdf-worker/pdf.mjs",
        "hashed_secret": "ff73e03301d6286a9dbf2a3fba1d87d1b0e6dad6",
        "is_verified": false,
        "line_number": 5086
      },
      {
        "type": "Base64 High Entropy String",
        "filename": "web/public/pdf-worker/pdf.mjs",
        "hashed_secret": "ed607c9e669173a3193b1a230e553a27aab78238",
        "is_verified": false,
        "line_number": 7794
      }
    ],
    "web/public/pdf-worker/pdf.worker.min.mjs": [
      {
        "type": "Base64 High Entropy String",
        "filename": "web/public/pdf-worker/pdf.worker.min.mjs",
        "hashed_secret": "00ab9f571d189e7c85ac17c55372407dc942fdd2",
        "is_verified": false,
        "line_number": 21
      },
      {
        "type": "Base64 High Entropy String",
        "filename": "web/public/pdf-worker/pdf.worker.min.mjs",
        "hashed_secret": "313f27c65a42590d4f81d33dd6d39bb68d1fa532",
        "is_verified": false,
        "line_number": 21
      },
      {
        "type": "Base64 High Entropy String",
        "filename": "web/public/pdf-worker/pdf.worker.min.mjs",
        "hashed_secret": "4ef68387e98d655a670e3543bb3a93937acec93c",
        "is_verified": false,
        "line_number": 21
      },
      {
        "type": "Base64 High Entropy String",
        "filename": "web/public/pdf-worker/pdf.worker.min.mjs",
        "hashed_secret": "5404984efcc625a7e710c83cba7c53159f561eeb",
        "is_verified": false,
        "line_number": 21
      },
      {
        "type": "Base64 High Entropy String",
        "filename": "web/public/pdf-worker/pdf.worker.min.mjs",
        "hashed_secret": "697c047d8f41663986ab1ba307993f30493b399e",
        "is_verified": false,
        "line_number": 21
      },
      {
        "type": "Base64 High Entropy String",
        "filename": "web/public/pdf-worker/pdf.worker.min.mjs",
        "hashed_secret": "89f94e9b575deacfa2aaad064b9baf6ab01643d6",
        "is_verified": false,
        "line_number": 21
      },
      {
        "type": "Base64 High Entropy String",
        "filename": "web/public/pdf-worker/pdf.worker.min.mjs",
        "hashed_secret": "99cbfba56856d386592b4b542be85ed65a1bbae2",
        "is_verified": false,
        "line_number": 21
      },
      {
        "type": "Base64 High Entropy String",
        "filename": "web/public/pdf-worker/pdf.worker.min.mjs",
        "hashed_secret": "c06a5e31d119eee5fe9769a29352b16969e673b0",
        "is_verified": false,
        "line_number": 21
      },
      {
        "type": "Base64 High Entropy String",
        "filename": "web/public/pdf-worker/pdf.worker.min.mjs",
        "hashed_secret": "c4b1e6347aa1c5561dce43005f28cb7e961660db",
        "is_verified": false,
        "line_number": 21
      },
      {
        "type": "Base64 High Entropy String",
        "filename": "web/public/pdf-worker/pdf.worker.min.mjs",
        "hashed_secret": "cf60038aa3fb3f86364667f196bd2bd6634166d7",
        "is_verified": false,
        "line_number": 21
      },
      {
        "type": "Base64 High Entropy String",
        "filename": "web/public/pdf-worker/pdf.worker.min.mjs",
        "hashed_secret": "d7eb730787ad5a7c9407745e3013f53602c072e1",
        "is_verified": false,
        "line_number": 21
      },
      {
        "type": "Base64 High Entropy String",
        "filename": "web/public/pdf-worker/pdf.worker.min.mjs",
        "hashed_secret": "de601fb8f3fa461b7c3b72f6b938436c8d145056",
        "is_verified": false,
        "line_number": 21
      },
      {
        "type": "Base64 High Entropy String",
        "filename": "web/public/pdf-worker/pdf.worker.min.mjs",
        "hashed_secret": "df4e37e13814a67103efe79731942aa91ffde24a",
        "is_verified": false,
        "line_number": 21
      },
      {
        "type": "Base64 High Entropy String",
        "filename": "web/public/pdf-worker/pdf.worker.min.mjs",
        "hashed_secret": "f29f5bc1ce1c1b0d19daaf444f00efa151469057",
        "is_verified": false,
        "line_number": 21
      }
    ],
    "web/public/pdf-worker/pdf.worker.mjs": [
      {
        "type": "Base64 High Entropy String",
        "filename": "web/public/pdf-worker/pdf.worker.mjs",
        "hashed_secret": "c4b1e6347aa1c5561dce43005f28cb7e961660db",
        "is_verified": false,
        "line_number": 424
      },
      {
        "type": "Base64 High Entropy String",
        "filename": "web/public/pdf-worker/pdf.worker.mjs",
        "hashed_secret": "cf60038aa3fb3f86364667f196bd2bd6634166d7",
        "is_verified": false,
        "line_number": 16607
      },
      {
        "type": "Base64 High Entropy String",
        "filename": "web/public/pdf-worker/pdf.worker.mjs",
        "hashed_secret": "697c047d8f41663986ab1ba307993f30493b399e",
        "is_verified": false,
        "line_number": 16609
      },
      {
        "type": "Base64 High Entropy String",
        "filename": "web/public/pdf-worker/pdf.worker.mjs",
        "hashed_secret": "f29f5bc1ce1c1b0d19daaf444f00efa151469057",
        "is_verified": false,
        "line_number": 16618
      },
      {
        "type": "Base64 High Entropy String",
        "filename": "web/public/pdf-worker/pdf.worker.mjs",
        "hashed_secret": "5404984efcc625a7e710c83cba7c53159f561eeb",
        "is_verified": false,
        "line_number": 16621
      },
      {
        "type": "Base64 High Entropy String",
        "filename": "web/public/pdf-worker/pdf.worker.mjs",
        "hashed_secret": "00ab9f571d189e7c85ac17c55372407dc942fdd2",
        "is_verified": false,
        "line_number": 16622
      },
      {
        "type": "Base64 High Entropy String",
        "filename": "web/public/pdf-worker/pdf.worker.mjs",
        "hashed_secret": "4ef68387e98d655a670e3543bb3a93937acec93c",
        "is_verified": false,
        "line_number": 16623
      },
      {
        "type": "Base64 High Entropy String",
        "filename": "web/public/pdf-worker/pdf.worker.mjs",
        "hashed_secret": "de601fb8f3fa461b7c3b72f6b938436c8d145056",
        "is_verified": false,
        "line_number": 16624
      },
      {
        "type": "Base64 High Entropy String",
        "filename": "web/public/pdf-worker/pdf.worker.mjs",
        "hashed_secret": "df4e37e13814a67103efe79731942aa91ffde24a",
        "is_verified": false,
        "line_number": 16625
      },
      {
        "type": "Base64 High Entropy String",
        "filename": "web/public/pdf-worker/pdf.worker.mjs",
        "hashed_secret": "99cbfba56856d386592b4b542be85ed65a1bbae2",
        "is_verified": false,
        "line_number": 16626
      },
      {
        "type": "Base64 High Entropy String",
        "filename": "web/public/pdf-worker/pdf.worker.mjs",
        "hashed_secret": "89f94e9b575deacfa2aaad064b9baf6ab01643d6",
        "is_verified": false,
        "line_number": 16628
      },
      {
        "type": "Base64 High Entropy String",
        "filename": "web/public/pdf-worker/pdf.worker.mjs",
        "hashed_secret": "d7eb730787ad5a7c9407745e3013f53602c072e1",
        "is_verified": false,
        "line_number": 16629
      },
      {
        "type": "Base64 High Entropy String",
        "filename": "web/public/pdf-worker/pdf.worker.mjs",
        "hashed_secret": "c06a5e31d119eee5fe9769a29352b16969e673b0",
        "is_verified": false,
        "line_number": 16630
      },
      {
        "type": "Base64 High Entropy String",
        "filename": "web/public/pdf-worker/pdf.worker.mjs",
        "hashed_secret": "313f27c65a42590d4f81d33dd6d39bb68d1fa532",
        "is_verified": false,
        "line_number": 16659
      }
    ],
    "web/src/components/Citations/APACitation.jsx": [
      {
        "type": "Artifactory Credentials",
        "filename": "web/src/components/Citations/APACitation.jsx",
        "hashed_secret": "3ba90607f156c927980ca03e9042e67074597077",
        "is_verified": false,
        "line_number": 24
      }
    ],
    "web/src/components/Citations/APACitation.test.jsx": [
      {
        "type": "Artifactory Credentials",
        "filename": "web/src/components/Citations/APACitation.test.jsx",
        "hashed_secret": "3ba90607f156c927980ca03e9042e67074597077",
        "is_verified": false,
        "line_number": 13
      }
    ],
    "web/src/components/LanguageAccordion/LanguageAccordion.tsx": [
      {
        "type": "Base64 High Entropy String",
        "filename": "web/src/components/LanguageAccordion/LanguageAccordion.tsx",
        "hashed_secret": "9d96d76dbfb62625d1608e0a4bf2daf6548e0ecb",
        "is_verified": false,
        "line_number": 69
      }
    ],
    "web/src/components/ResearchAssistant/ResearchAssistantNav.tsx": [
      {
        "type": "Base64 High Entropy String",
        "filename": "web/src/components/ResearchAssistant/ResearchAssistantNav.tsx",
        "hashed_secret": "40b1b24e3219f4f87a46740b136c316731e3e9be",
        "is_verified": false,
        "line_number": 63
      }
    ],
    "web/src/components/ResearchAssistant/__tests__/ResearchAssistantNav.test.tsx": [
      {
        "type": "Base64 High Entropy String",
        "filename": "web/src/components/ResearchAssistant/__tests__/ResearchAssistantNav.test.tsx",
        "hashed_secret": "40b1b24e3219f4f87a46740b136c316731e3e9be",
        "is_verified": false,
        "line_number": 20
      }
    ]
  },
  "generated_at": "2026-05-08T17:08:28Z"
}
